../Core/Src/main.c:69:5:_write	24	static
../Core/Src/main.c:74:7:read_temperature	40	static
../Core/Src/main.c:92:6:BME280_Init	32	static
../Core/Src/main.c:105:14:BME280_CompensateTemp	32	static
../Core/Src/main.c:122:6:BME280_ReadCalibration	32	static
../Core/Src/main.c:134:7:BME280_ReadTemperature	32	static
../Core/Src/main.c:165:5:main	40	static
../Core/Src/main.c:260:6:SystemClock_Config	88	static
../Core/Src/main.c:302:13:MX_ADC1_Init	24	static
../Core/Src/main.c:354:13:MX_I2C1_Init	8	static
../Core/Src/main.c:388:13:MX_TIM1_Init	80	static
../Core/Src/main.c:453:13:MX_USART2_UART_Init	8	static
../Core/Src/main.c:486:13:MX_GPIO_Init	16	static
../Core/Src/main.c:509:6:Error_Handler	4	static,ignoring_inline_asm
