../Core/Src/ssd1306.c:49:9:SSD1306_Init	16	static
../Core/Src/ssd1306.c:112:6:SSD1306_UpdateScreen	16	static
../Core/Src/ssd1306.c:125:6:SSD1306_ToggleInvert	16	static
../Core/Src/ssd1306.c:137:6:SSD1306_Clear	8	static
../Core/Src/ssd1306.c:142:6:SSD1306_Fill	16	static
../Core/Src/ssd1306.c:147:6:SSD1306_DrawPixel	16	static
../Core/Src/ssd1306.c:169:6:SSD1306_GotoXY	16	static
../Core/Src/ssd1306.c:175:6:SSD1306_Putc	32	static
../Core/Src/ssd1306.c:206:6:SSD1306_Puts	24	static
../Core/Src/ssd1306.c:224:6:SSD1306_DrawLine	40	static
../Core/Src/ssd1306.c:308:6:SSD1306_DrawRectangle	32	static
../Core/Src/ssd1306.c:333:6:SSD1306_DrawFilledRectangle	40	static
../Core/Src/ssd1306.c:360:6:SSD1306_DrawTriangle	32	static
../Core/Src/ssd1306.c:368:6:SSD1306_DrawFilledTriangle	64	static
../Core/Src/ssd1306.c:424:6:SSD1306_DrawCircle	40	static
../Core/Src/ssd1306.c:458:6:SSD1306_DrawFilledCircle	48	static
../Core/Src/ssd1306.c:489:6:SSD1306_ON	8	static
../Core/Src/ssd1306.c:494:6:SSD1306_OFF	8	static
../Core/Src/ssd1306.c:510:6:ssd1306_I2C_Init	16	static
../Core/Src/ssd1306.c:522:6:ssd1306_I2C_WriteMulti	64	dynamic
../Core/Src/ssd1306.c:532:6:ssd1306_I2C_Write	32	static
